[0.062s] Invoking command in '/home/lntsold/PrintAM/build/my_package': CMAKE_PREFIX_PATH=${CMAKE_PREFIX_PATH}:/opt/ros/jazzy DEBUGINFOD_URLS=https://debuginfod.ubuntu.com /usr/bin/cmake --build /home/lntsold/PrintAM/build/my_package -- -j4 -l4
[0.348s] [100%] Built target my_node
[0.410s] Invoked command in '/home/lntsold/PrintAM/build/my_package' returned '0': CMAKE_PREFIX_PATH=${CMAKE_PREFIX_PATH}:/opt/ros/jazzy DEBUGINFOD_URLS=https://debuginfod.ubuntu.com /usr/bin/cmake --build /home/lntsold/PrintAM/build/my_package -- -j4 -l4
[0.467s] Invoking command in '/home/lntsold/PrintAM/build/my_package': CMAKE_PREFIX_PATH=${CMAKE_PREFIX_PATH}:/opt/ros/jazzy DEBUGINFOD_URLS=https://debuginfod.ubuntu.com /usr/bin/cmake --install /home/lntsold/PrintAM/build/my_package
[0.515s] -- Install configuration: ""
[0.516s] -- Up-to-date: /home/lntsold/PrintAM/install/my_package/lib/my_package/my_node
[0.517s] -- Up-to-date: /home/lntsold/PrintAM/install/my_package/share/ament_index/resource_index/package_run_dependencies/my_package
[0.517s] -- Up-to-date: /home/lntsold/PrintAM/install/my_package/share/ament_index/resource_index/parent_prefix_path/my_package
[0.518s] -- Up-to-date: /home/lntsold/PrintAM/install/my_package/share/my_package/environment/ament_prefix_path.sh
[0.519s] -- Up-to-date: /home/lntsold/PrintAM/install/my_package/share/my_package/environment/ament_prefix_path.dsv
[0.519s] -- Up-to-date: /home/lntsold/PrintAM/install/my_package/share/my_package/environment/path.sh
[0.520s] -- Up-to-date: /home/lntsold/PrintAM/install/my_package/share/my_package/environment/path.dsv
[0.520s] -- Up-to-date: /home/lntsold/PrintAM/install/my_package/share/my_package/local_setup.bash
[0.521s] -- Up-to-date: /home/lntsold/PrintAM/install/my_package/share/my_package/local_setup.sh
[0.521s] -- Up-to-date: /home/lntsold/PrintAM/install/my_package/share/my_package/local_setup.zsh
[0.522s] -- Up-to-date: /home/lntsold/PrintAM/install/my_package/share/my_package/local_setup.dsv
[0.522s] -- Installing: /home/lntsold/PrintAM/install/my_package/share/my_package/package.dsv
[0.523s] -- Up-to-date: /home/lntsold/PrintAM/install/my_package/share/ament_index/resource_index/packages/my_package
[0.523s] -- Up-to-date: /home/lntsold/PrintAM/install/my_package/share/my_package/cmake/my_packageConfig.cmake
[0.524s] -- Up-to-date: /home/lntsold/PrintAM/install/my_package/share/my_package/cmake/my_packageConfig-version.cmake
[0.524s] -- Up-to-date: /home/lntsold/PrintAM/install/my_package/share/my_package/package.xml
[0.530s] Invoked command in '/home/lntsold/PrintAM/build/my_package' returned '0': CMAKE_PREFIX_PATH=${CMAKE_PREFIX_PATH}:/opt/ros/jazzy DEBUGINFOD_URLS=https://debuginfod.ubuntu.com /usr/bin/cmake --install /home/lntsold/PrintAM/build/my_package
