[0.083s] Invoking command in '/home/lntsold/PrintAM/build/my_package': CMAKE_PREFIX_PATH=${CMAKE_PREFIX_PATH}:/opt/ros/jazzy DEBUGINFOD_URLS=https://debuginfod.ubuntu.com /usr/bin/cmake /home/lntsold/PrintAM/src/my_package -DCMAKE_INSTALL_PREFIX=/home/lntsold/PrintAM/install/my_package
[1.503s] -- The C compiler identification is GNU 13.2.0
[2.135s] -- The CXX compiler identification is GNU 13.2.0
[2.422s] -- Detecting C compiler ABI info
[3.400s] -- Detecting C compiler ABI info - done
[3.448s] -- Check for working C compiler: /usr/bin/cc - skipped
[3.456s] -- Detecting C compile features
[3.458s] -- Detecting C compile features - done
[3.541s] -- Detecting CXX compiler ABI info
[4.573s] -- Detecting CXX compiler ABI info - done
[4.623s] -- Check for working CXX compiler: /usr/bin/c++ - skipped
[4.626s] -- Detecting CXX compile features
[4.627s] -- Detecting CXX compile features - done
[4.690s] -- Found ament_cmake: 2.5.2 (/opt/ros/jazzy/share/ament_cmake/cmake)
[6.658s] -- Found Python3: /usr/bin/python3 (found version "3.12.3") found components: Interpreter 
[8.298s] -- Found ament_lint_auto: 0.17.1 (/opt/ros/jazzy/share/ament_lint_auto/cmake)
[9.638s] -- Added test 'cppcheck' to perform static code analysis on C / C++ code
[9.638s] -- Configured cppcheck include dirs: $<BUILD_INTERFACE:/home/lntsold/PrintAM/src/my_package/include>
[9.639s] -- Configured cppcheck exclude dirs and/or files: 
[9.654s] -- Added test 'lint_cmake' to check CMake code style
[9.671s] -- Added test 'uncrustify' to check C / C++ code style
[9.674s] -- Configured uncrustify additional arguments: 
[9.686s] -- Added test 'xmllint' to check XML markup files
[9.711s] -- Configuring done (9.2s)
[9.762s] -- Generating done (0.0s)
[9.774s] -- Build files have been written to: /home/lntsold/PrintAM/build/my_package
[9.811s] Invoked command in '/home/lntsold/PrintAM/build/my_package' returned '0': CMAKE_PREFIX_PATH=${CMAKE_PREFIX_PATH}:/opt/ros/jazzy DEBUGINFOD_URLS=https://debuginfod.ubuntu.com /usr/bin/cmake /home/lntsold/PrintAM/src/my_package -DCMAKE_INSTALL_PREFIX=/home/lntsold/PrintAM/install/my_package
[9.824s] Invoking command in '/home/lntsold/PrintAM/build/my_package': CMAKE_PREFIX_PATH=${CMAKE_PREFIX_PATH}:/opt/ros/jazzy DEBUGINFOD_URLS=https://debuginfod.ubuntu.com /usr/bin/cmake --build /home/lntsold/PrintAM/build/my_package -- -j4 -l4
[10.390s] [ 50%] [32mBuilding CXX object CMakeFiles/my_node.dir/src/my_node.cpp.o[0m
[10.695s] [100%] [32m[1mLinking CXX executable my_node[0m
[11.217s] [100%] Built target my_node
[11.332s] Invoked command in '/home/lntsold/PrintAM/build/my_package' returned '0': CMAKE_PREFIX_PATH=${CMAKE_PREFIX_PATH}:/opt/ros/jazzy DEBUGINFOD_URLS=https://debuginfod.ubuntu.com /usr/bin/cmake --build /home/lntsold/PrintAM/build/my_package -- -j4 -l4
[11.413s] Invoking command in '/home/lntsold/PrintAM/build/my_package': CMAKE_PREFIX_PATH=${CMAKE_PREFIX_PATH}:/opt/ros/jazzy DEBUGINFOD_URLS=https://debuginfod.ubuntu.com /usr/bin/cmake --install /home/lntsold/PrintAM/build/my_package
[11.485s] -- Install configuration: ""
[11.487s] -- Installing: /home/lntsold/PrintAM/install/my_package/lib/my_package/my_node
[11.490s] -- Installing: /home/lntsold/PrintAM/install/my_package/share/ament_index/resource_index/package_run_dependencies/my_package
[11.492s] -- Installing: /home/lntsold/PrintAM/install/my_package/share/ament_index/resource_index/parent_prefix_path/my_package
[11.498s] -- Installing: /home/lntsold/PrintAM/install/my_package/share/my_package/environment/ament_prefix_path.sh
[11.501s] -- Installing: /home/lntsold/PrintAM/install/my_package/share/my_package/environment/ament_prefix_path.dsv
[11.505s] -- Installing: /home/lntsold/PrintAM/install/my_package/share/my_package/environment/path.sh
[11.506s] -- Installing: /home/lntsold/PrintAM/install/my_package/share/my_package/environment/path.dsv
[11.507s] -- Installing: /home/lntsold/PrintAM/install/my_package/share/my_package/local_setup.bash
[11.507s] -- Installing: /home/lntsold/PrintAM/install/my_package/share/my_package/local_setup.sh
[11.508s] -- Installing: /home/lntsold/PrintAM/install/my_package/share/my_package/local_setup.zsh
[11.509s] -- Installing: /home/lntsold/PrintAM/install/my_package/share/my_package/local_setup.dsv
[11.510s] -- Installing: /home/lntsold/PrintAM/install/my_package/share/my_package/package.dsv
[11.512s] -- Installing: /home/lntsold/PrintAM/install/my_package/share/ament_index/resource_index/packages/my_package
[11.513s] -- Installing: /home/lntsold/PrintAM/install/my_package/share/my_package/cmake/my_packageConfig.cmake
[11.515s] -- Installing: /home/lntsold/PrintAM/install/my_package/share/my_package/cmake/my_packageConfig-version.cmake
[11.517s] -- Installing: /home/lntsold/PrintAM/install/my_package/share/my_package/package.xml
[11.528s] Invoked command in '/home/lntsold/PrintAM/build/my_package' returned '0': CMAKE_PREFIX_PATH=${CMAKE_PREFIX_PATH}:/opt/ros/jazzy DEBUGINFOD_URLS=https://debuginfod.ubuntu.com /usr/bin/cmake --install /home/lntsold/PrintAM/build/my_package
