[0.445s] DEBUG:colcon:Command line arguments: ['/usr/bin/colcon', 'build']
[0.445s] DEBUG:colcon:Parsed command line arguments: Namespace(log_base=None, log_level=None, verb_name='build', build_base='build', install_base='install', merge_install=False, symlink_install=False, test_result_base=None, continue_on_error=False, executor='parallel', parallel_workers=4, event_handlers=None, ignore_user_meta=False, metas=['./colcon.meta'], base_paths=['.'], packages_ignore=None, packages_ignore_regex=None, paths=None, packages_up_to=None, packages_up_to_regex=None, packages_above=None, packages_above_and_dependencies=None, packages_above_depth=None, packages_select_by_dep=None, packages_skip_by_dep=None, packages_skip_up_to=None, packages_select_build_failed=False, packages_skip_build_finished=False, packages_select_test_failures=False, packages_skip_test_passed=False, packages_select=None, packages_skip=None, packages_select_regex=None, packages_skip_regex=None, packages_start=None, packages_end=None, allow_overriding=[], cmake_args=None, cmake_target=None, cmake_target_skip_unavailable=False, cmake_clean_cache=False, cmake_clean_first=False, cmake_force_configure=False, ament_cmake_args=None, catkin_cmake_args=None, catkin_skip_building_tests=False, verb_parser=<colcon_defaults.argument_parser.defaults.DefaultArgumentsDecorator object at 0xffff8f98c890>, verb_extension=<colcon_core.verb.build.BuildVerb object at 0xffff8fb352b0>, main=<bound method BuildVerb.main of <colcon_core.verb.build.BuildVerb object at 0xffff8fb352b0>>)
[0.654s] Level 1:colcon.colcon_core.package_discovery:discover_packages(colcon_meta) check parameters
[0.654s] Level 1:colcon.colcon_core.package_discovery:discover_packages(recursive) check parameters
[0.655s] Level 1:colcon.colcon_core.package_discovery:discover_packages(ignore) check parameters
[0.655s] Level 1:colcon.colcon_core.package_discovery:discover_packages(path) check parameters
[0.655s] Level 1:colcon.colcon_core.package_discovery:discover_packages(colcon_meta) discover
[0.656s] Level 1:colcon.colcon_core.package_discovery:discover_packages(recursive) discover
[0.656s] INFO:colcon.colcon_core.package_discovery:Crawling recursively for packages in '/home/lntsold/PrintAM'
[0.658s] Level 1:colcon.colcon_core.package_identification:_identify(.) by extensions ['ignore', 'ignore_ament_install']
[0.659s] Level 1:colcon.colcon_core.package_identification:_identify(.) by extension 'ignore'
[0.661s] Level 1:colcon.colcon_core.package_identification:_identify(.) by extension 'ignore_ament_install'
[0.662s] Level 1:colcon.colcon_core.package_identification:_identify(.) by extensions ['colcon_pkg']
[0.664s] Level 1:colcon.colcon_core.package_identification:_identify(.) by extension 'colcon_pkg'
[0.666s] Level 1:colcon.colcon_core.package_identification:_identify(.) by extensions ['colcon_meta']
[0.667s] Level 1:colcon.colcon_core.package_identification:_identify(.) by extension 'colcon_meta'
[0.667s] Level 1:colcon.colcon_core.package_identification:_identify(.) by extensions ['ros']
[0.667s] Level 1:colcon.colcon_core.package_identification:_identify(.) by extension 'ros'
[0.857s] Level 1:colcon.colcon_core.package_identification:_identify(.) by extensions ['cmake', 'python']
[0.858s] Level 1:colcon.colcon_core.package_identification:_identify(.) by extension 'cmake'
[0.858s] Level 1:colcon.colcon_core.package_identification:_identify(.) by extension 'python'
[0.859s] Level 1:colcon.colcon_core.package_identification:_identify(.) by extensions ['python_setup_py']
[0.860s] Level 1:colcon.colcon_core.package_identification:_identify(.) by extension 'python_setup_py'
[0.861s] Level 1:colcon.colcon_core.package_identification:_identify(build) by extensions ['ignore', 'ignore_ament_install']
[0.862s] Level 1:colcon.colcon_core.package_identification:_identify(build) by extension 'ignore'
[0.862s] Level 1:colcon.colcon_core.package_identification:_identify(build) ignored
[0.863s] Level 1:colcon.colcon_core.package_identification:_identify(include) by extensions ['ignore', 'ignore_ament_install']
[0.864s] Level 1:colcon.colcon_core.package_identification:_identify(include) by extension 'ignore'
[0.864s] Level 1:colcon.colcon_core.package_identification:_identify(include) by extension 'ignore_ament_install'
[0.864s] Level 1:colcon.colcon_core.package_identification:_identify(include) by extensions ['colcon_pkg']
[0.865s] Level 1:colcon.colcon_core.package_identification:_identify(include) by extension 'colcon_pkg'
[0.865s] Level 1:colcon.colcon_core.package_identification:_identify(include) by extensions ['colcon_meta']
[0.865s] Level 1:colcon.colcon_core.package_identification:_identify(include) by extension 'colcon_meta'
[0.865s] Level 1:colcon.colcon_core.package_identification:_identify(include) by extensions ['ros']
[0.865s] Level 1:colcon.colcon_core.package_identification:_identify(include) by extension 'ros'
[0.866s] Level 1:colcon.colcon_core.package_identification:_identify(include) by extensions ['cmake', 'python']
[0.866s] Level 1:colcon.colcon_core.package_identification:_identify(include) by extension 'cmake'
[0.866s] Level 1:colcon.colcon_core.package_identification:_identify(include) by extension 'python'
[0.866s] Level 1:colcon.colcon_core.package_identification:_identify(include) by extensions ['python_setup_py']
[0.866s] Level 1:colcon.colcon_core.package_identification:_identify(include) by extension 'python_setup_py'
[0.867s] Level 1:colcon.colcon_core.package_identification:_identify(include/control) by extensions ['ignore', 'ignore_ament_install']
[0.867s] Level 1:colcon.colcon_core.package_identification:_identify(include/control) by extension 'ignore'
[0.868s] Level 1:colcon.colcon_core.package_identification:_identify(include/control) by extension 'ignore_ament_install'
[0.868s] Level 1:colcon.colcon_core.package_identification:_identify(include/control) by extensions ['colcon_pkg']
[0.868s] Level 1:colcon.colcon_core.package_identification:_identify(include/control) by extension 'colcon_pkg'
[0.869s] Level 1:colcon.colcon_core.package_identification:_identify(include/control) by extensions ['colcon_meta']
[0.869s] Level 1:colcon.colcon_core.package_identification:_identify(include/control) by extension 'colcon_meta'
[0.869s] Level 1:colcon.colcon_core.package_identification:_identify(include/control) by extensions ['ros']
[0.869s] Level 1:colcon.colcon_core.package_identification:_identify(include/control) by extension 'ros'
[0.870s] Level 1:colcon.colcon_core.package_identification:_identify(include/control) by extensions ['cmake', 'python']
[0.870s] Level 1:colcon.colcon_core.package_identification:_identify(include/control) by extension 'cmake'
[0.870s] Level 1:colcon.colcon_core.package_identification:_identify(include/control) by extension 'python'
[0.871s] Level 1:colcon.colcon_core.package_identification:_identify(include/control) by extensions ['python_setup_py']
[0.871s] Level 1:colcon.colcon_core.package_identification:_identify(include/control) by extension 'python_setup_py'
[0.871s] Level 1:colcon.colcon_core.package_identification:_identify(include/interface) by extensions ['ignore', 'ignore_ament_install']
[0.872s] Level 1:colcon.colcon_core.package_identification:_identify(include/interface) by extension 'ignore'
[0.872s] Level 1:colcon.colcon_core.package_identification:_identify(include/interface) by extension 'ignore_ament_install'
[0.873s] Level 1:colcon.colcon_core.package_identification:_identify(include/interface) by extensions ['colcon_pkg']
[0.873s] Level 1:colcon.colcon_core.package_identification:_identify(include/interface) by extension 'colcon_pkg'
[0.873s] Level 1:colcon.colcon_core.package_identification:_identify(include/interface) by extensions ['colcon_meta']
[0.874s] Level 1:colcon.colcon_core.package_identification:_identify(include/interface) by extension 'colcon_meta'
[0.874s] Level 1:colcon.colcon_core.package_identification:_identify(include/interface) by extensions ['ros']
[0.874s] Level 1:colcon.colcon_core.package_identification:_identify(include/interface) by extension 'ros'
[0.875s] Level 1:colcon.colcon_core.package_identification:_identify(include/interface) by extensions ['cmake', 'python']
[0.875s] Level 1:colcon.colcon_core.package_identification:_identify(include/interface) by extension 'cmake'
[0.875s] Level 1:colcon.colcon_core.package_identification:_identify(include/interface) by extension 'python'
[0.875s] Level 1:colcon.colcon_core.package_identification:_identify(include/interface) by extensions ['python_setup_py']
[0.875s] Level 1:colcon.colcon_core.package_identification:_identify(include/interface) by extension 'python_setup_py'
[0.876s] Level 1:colcon.colcon_core.package_identification:_identify(install) by extensions ['ignore', 'ignore_ament_install']
[0.877s] Level 1:colcon.colcon_core.package_identification:_identify(install) by extension 'ignore'
[0.877s] Level 1:colcon.colcon_core.package_identification:_identify(install) ignored
[0.877s] Level 1:colcon.colcon_core.package_identification:_identify(log) by extensions ['ignore', 'ignore_ament_install']
[0.878s] Level 1:colcon.colcon_core.package_identification:_identify(log) by extension 'ignore'
[0.878s] Level 1:colcon.colcon_core.package_identification:_identify(log) ignored
[0.878s] Level 1:colcon.colcon_core.package_identification:_identify(output) by extensions ['ignore', 'ignore_ament_install']
[0.879s] Level 1:colcon.colcon_core.package_identification:_identify(output) by extension 'ignore'
[0.879s] Level 1:colcon.colcon_core.package_identification:_identify(output) by extension 'ignore_ament_install'
[0.879s] Level 1:colcon.colcon_core.package_identification:_identify(output) by extensions ['colcon_pkg']
[0.880s] Level 1:colcon.colcon_core.package_identification:_identify(output) by extension 'colcon_pkg'
[0.880s] Level 1:colcon.colcon_core.package_identification:_identify(output) by extensions ['colcon_meta']
[0.880s] Level 1:colcon.colcon_core.package_identification:_identify(output) by extension 'colcon_meta'
[0.880s] Level 1:colcon.colcon_core.package_identification:_identify(output) by extensions ['ros']
[0.880s] Level 1:colcon.colcon_core.package_identification:_identify(output) by extension 'ros'
[0.881s] Level 1:colcon.colcon_core.package_identification:_identify(output) by extensions ['cmake', 'python']
[0.881s] Level 1:colcon.colcon_core.package_identification:_identify(output) by extension 'cmake'
[0.881s] Level 1:colcon.colcon_core.package_identification:_identify(output) by extension 'python'
[0.881s] Level 1:colcon.colcon_core.package_identification:_identify(output) by extensions ['python_setup_py']
[0.882s] Level 1:colcon.colcon_core.package_identification:_identify(output) by extension 'python_setup_py'
[0.882s] Level 1:colcon.colcon_core.package_identification:_identify(src) by extensions ['ignore', 'ignore_ament_install']
[0.883s] Level 1:colcon.colcon_core.package_identification:_identify(src) by extension 'ignore'
[0.884s] Level 1:colcon.colcon_core.package_identification:_identify(src) by extension 'ignore_ament_install'
[0.884s] Level 1:colcon.colcon_core.package_identification:_identify(src) by extensions ['colcon_pkg']
[0.885s] Level 1:colcon.colcon_core.package_identification:_identify(src) by extension 'colcon_pkg'
[0.886s] Level 1:colcon.colcon_core.package_identification:_identify(src) by extensions ['colcon_meta']
[0.886s] Level 1:colcon.colcon_core.package_identification:_identify(src) by extension 'colcon_meta'
[0.887s] Level 1:colcon.colcon_core.package_identification:_identify(src) by extensions ['ros']
[0.888s] Level 1:colcon.colcon_core.package_identification:_identify(src) by extension 'ros'
[0.889s] Level 1:colcon.colcon_core.package_identification:_identify(src) by extensions ['cmake', 'python']
[0.890s] Level 1:colcon.colcon_core.package_identification:_identify(src) by extension 'cmake'
[0.891s] Level 1:colcon.colcon_core.package_identification:_identify(src) by extension 'python'
[0.891s] Level 1:colcon.colcon_core.package_identification:_identify(src) by extensions ['python_setup_py']
[0.892s] Level 1:colcon.colcon_core.package_identification:_identify(src) by extension 'python_setup_py'
[0.893s] Level 1:colcon.colcon_core.package_identification:_identify(src/my_package) by extensions ['ignore', 'ignore_ament_install']
[0.895s] Level 1:colcon.colcon_core.package_identification:_identify(src/my_package) by extension 'ignore'
[0.895s] Level 1:colcon.colcon_core.package_identification:_identify(src/my_package) by extension 'ignore_ament_install'
[0.896s] Level 1:colcon.colcon_core.package_identification:_identify(src/my_package) by extensions ['colcon_pkg']
[0.897s] Level 1:colcon.colcon_core.package_identification:_identify(src/my_package) by extension 'colcon_pkg'
[0.897s] Level 1:colcon.colcon_core.package_identification:_identify(src/my_package) by extensions ['colcon_meta']
[0.897s] Level 1:colcon.colcon_core.package_identification:_identify(src/my_package) by extension 'colcon_meta'
[0.898s] Level 1:colcon.colcon_core.package_identification:_identify(src/my_package) by extensions ['ros']
[0.898s] Level 1:colcon.colcon_core.package_identification:_identify(src/my_package) by extension 'ros'
[0.938s] DEBUG:colcon.colcon_core.package_identification:Package 'src/my_package' with type 'ros.ament_cmake' and name 'my_package'
[0.939s] Level 1:colcon.colcon_core.package_identification:_identify(src/output) by extensions ['ignore', 'ignore_ament_install']
[0.941s] Level 1:colcon.colcon_core.package_identification:_identify(src/output) by extension 'ignore'
[0.942s] Level 1:colcon.colcon_core.package_identification:_identify(src/output) by extension 'ignore_ament_install'
[0.943s] Level 1:colcon.colcon_core.package_identification:_identify(src/output) by extensions ['colcon_pkg']
[0.943s] Level 1:colcon.colcon_core.package_identification:_identify(src/output) by extension 'colcon_pkg'
[0.944s] Level 1:colcon.colcon_core.package_identification:_identify(src/output) by extensions ['colcon_meta']
[0.944s] Level 1:colcon.colcon_core.package_identification:_identify(src/output) by extension 'colcon_meta'
[0.945s] Level 1:colcon.colcon_core.package_identification:_identify(src/output) by extensions ['ros']
[0.945s] Level 1:colcon.colcon_core.package_identification:_identify(src/output) by extension 'ros'
[0.946s] Level 1:colcon.colcon_core.package_identification:_identify(src/output) by extensions ['cmake', 'python']
[0.946s] Level 1:colcon.colcon_core.package_identification:_identify(src/output) by extension 'cmake'
[0.947s] Level 1:colcon.colcon_core.package_identification:_identify(src/output) by extension 'python'
[0.947s] Level 1:colcon.colcon_core.package_identification:_identify(src/output) by extensions ['python_setup_py']
[0.947s] Level 1:colcon.colcon_core.package_identification:_identify(src/output) by extension 'python_setup_py'
[0.947s] Level 1:colcon.colcon_core.package_discovery:discover_packages(recursive) using defaults
[0.948s] Level 1:colcon.colcon_core.package_discovery:discover_packages(ignore) discover
[0.948s] Level 1:colcon.colcon_core.package_discovery:discover_packages(ignore) using defaults
[0.948s] Level 1:colcon.colcon_core.package_discovery:discover_packages(path) discover
[0.948s] Level 1:colcon.colcon_core.package_discovery:discover_packages(path) using defaults
[1.072s] Level 1:colcon.colcon_core.package_discovery:discover_packages(prefix_path) check parameters
[1.073s] Level 1:colcon.colcon_core.package_discovery:discover_packages(prefix_path) discover
[1.107s] DEBUG:colcon.colcon_installed_package_information.package_discovery:Found 311 installed packages in /opt/ros/jazzy
[1.113s] Level 1:colcon.colcon_core.package_discovery:discover_packages(prefix_path) using defaults
[1.529s] Level 5:colcon.colcon_core.verb:set package 'my_package' build argument 'cmake_args' from command line to 'None'
[1.530s] Level 5:colcon.colcon_core.verb:set package 'my_package' build argument 'cmake_target' from command line to 'None'
[1.530s] Level 5:colcon.colcon_core.verb:set package 'my_package' build argument 'cmake_target_skip_unavailable' from command line to 'False'
[1.531s] Level 5:colcon.colcon_core.verb:set package 'my_package' build argument 'cmake_clean_cache' from command line to 'False'
[1.531s] Level 5:colcon.colcon_core.verb:set package 'my_package' build argument 'cmake_clean_first' from command line to 'False'
[1.531s] Level 5:colcon.colcon_core.verb:set package 'my_package' build argument 'cmake_force_configure' from command line to 'False'
[1.532s] Level 5:colcon.colcon_core.verb:set package 'my_package' build argument 'ament_cmake_args' from command line to 'None'
[1.532s] Level 5:colcon.colcon_core.verb:set package 'my_package' build argument 'catkin_cmake_args' from command line to 'None'
[1.532s] Level 5:colcon.colcon_core.verb:set package 'my_package' build argument 'catkin_skip_building_tests' from command line to 'False'
[1.532s] DEBUG:colcon.colcon_core.verb:Building package 'my_package' with the following arguments: {'ament_cmake_args': None, 'build_base': '/home/lntsold/PrintAM/build/my_package', 'catkin_cmake_args': None, 'catkin_skip_building_tests': False, 'cmake_args': None, 'cmake_clean_cache': False, 'cmake_clean_first': False, 'cmake_force_configure': False, 'cmake_target': None, 'cmake_target_skip_unavailable': False, 'install_base': '/home/lntsold/PrintAM/install/my_package', 'merge_install': False, 'path': '/home/lntsold/PrintAM/src/my_package', 'symlink_install': False, 'test_result_base': None}
[1.533s] INFO:colcon.colcon_core.executor:Executing jobs using 'parallel' executor
[1.538s] DEBUG:colcon.colcon_parallel_executor.executor.parallel:run_until_complete
[1.540s] INFO:colcon.colcon_ros.task.ament_cmake.build:Building ROS package in '/home/lntsold/PrintAM/src/my_package' with build type 'ament_cmake'
[1.541s] INFO:colcon.colcon_cmake.task.cmake.build:Building CMake package in '/home/lntsold/PrintAM/src/my_package'
[1.564s] INFO:colcon.colcon_core.plugin_system:Skipping extension 'colcon_core.shell.bat': Not used on non-Windows systems
[1.566s] INFO:colcon.colcon_core.shell:Skip shell extension 'powershell' for command environment: Not usable outside of PowerShell
[1.566s] DEBUG:colcon.colcon_core.shell:Skip shell extension 'dsv' for command environment
[1.625s] DEBUG:colcon.colcon_core.event_handler.log_command:Invoking command in '/home/lntsold/PrintAM/build/my_package': CMAKE_PREFIX_PATH=${CMAKE_PREFIX_PATH}:/opt/ros/jazzy DEBUGINFOD_URLS=https://debuginfod.ubuntu.com /usr/bin/cmake /home/lntsold/PrintAM/src/my_package -DCMAKE_INSTALL_PREFIX=/home/lntsold/PrintAM/install/my_package
[11.352s] DEBUG:colcon.colcon_core.event_handler.log_command:Invoked command in '/home/lntsold/PrintAM/build/my_package' returned '0': CMAKE_PREFIX_PATH=${CMAKE_PREFIX_PATH}:/opt/ros/jazzy DEBUGINFOD_URLS=https://debuginfod.ubuntu.com /usr/bin/cmake /home/lntsold/PrintAM/src/my_package -DCMAKE_INSTALL_PREFIX=/home/lntsold/PrintAM/install/my_package
[11.366s] DEBUG:colcon.colcon_core.event_handler.log_command:Invoking command in '/home/lntsold/PrintAM/build/my_package': CMAKE_PREFIX_PATH=${CMAKE_PREFIX_PATH}:/opt/ros/jazzy DEBUGINFOD_URLS=https://debuginfod.ubuntu.com /usr/bin/cmake --build /home/lntsold/PrintAM/build/my_package -- -j4 -l4
[12.873s] DEBUG:colcon.colcon_core.event_handler.log_command:Invoked command in '/home/lntsold/PrintAM/build/my_package' returned '0': CMAKE_PREFIX_PATH=${CMAKE_PREFIX_PATH}:/opt/ros/jazzy DEBUGINFOD_URLS=https://debuginfod.ubuntu.com /usr/bin/cmake --build /home/lntsold/PrintAM/build/my_package -- -j4 -l4
[12.955s] DEBUG:colcon.colcon_core.event_handler.log_command:Invoking command in '/home/lntsold/PrintAM/build/my_package': CMAKE_PREFIX_PATH=${CMAKE_PREFIX_PATH}:/opt/ros/jazzy DEBUGINFOD_URLS=https://debuginfod.ubuntu.com /usr/bin/cmake --install /home/lntsold/PrintAM/build/my_package
[13.066s] Level 1:colcon.colcon_core.environment:create_environment_scripts_only(my_package)
[13.071s] DEBUG:colcon.colcon_core.event_handler.log_command:Invoked command in '/home/lntsold/PrintAM/build/my_package' returned '0': CMAKE_PREFIX_PATH=${CMAKE_PREFIX_PATH}:/opt/ros/jazzy DEBUGINFOD_URLS=https://debuginfod.ubuntu.com /usr/bin/cmake --install /home/lntsold/PrintAM/build/my_package
[13.117s] Level 1:colcon.colcon_core.environment:checking '/home/lntsold/PrintAM/install/my_package' for CMake module files
[13.121s] Level 1:colcon.colcon_core.environment:checking '/home/lntsold/PrintAM/install/my_package' for CMake config files
[13.122s] Level 1:colcon.colcon_core.shell:create_environment_hook('my_package', 'cmake_prefix_path')
[13.123s] INFO:colcon.colcon_core.shell:Creating environment hook '/home/lntsold/PrintAM/install/my_package/share/my_package/hook/cmake_prefix_path.ps1'
[13.126s] INFO:colcon.colcon_core.shell:Creating environment descriptor '/home/lntsold/PrintAM/install/my_package/share/my_package/hook/cmake_prefix_path.dsv'
[13.130s] INFO:colcon.colcon_core.shell:Creating environment hook '/home/lntsold/PrintAM/install/my_package/share/my_package/hook/cmake_prefix_path.sh'
[13.139s] Level 1:colcon.colcon_core.environment:checking '/home/lntsold/PrintAM/install/my_package/lib'
[13.141s] Level 1:colcon.colcon_core.environment:checking '/home/lntsold/PrintAM/install/my_package/bin'
[13.142s] Level 1:colcon.colcon_core.environment:checking '/home/lntsold/PrintAM/install/my_package/lib/pkgconfig/my_package.pc'
[13.145s] Level 1:colcon.colcon_core.environment:checking '/home/lntsold/PrintAM/install/my_package/lib/python3.12/site-packages'
[13.146s] Level 1:colcon.colcon_core.environment:checking '/home/lntsold/PrintAM/install/my_package/bin'
[13.147s] INFO:colcon.colcon_core.shell:Creating package script '/home/lntsold/PrintAM/install/my_package/share/my_package/package.ps1'
[13.157s] INFO:colcon.colcon_core.shell:Creating package descriptor '/home/lntsold/PrintAM/install/my_package/share/my_package/package.dsv'
[13.163s] INFO:colcon.colcon_core.shell:Creating package script '/home/lntsold/PrintAM/install/my_package/share/my_package/package.sh'
[13.169s] INFO:colcon.colcon_core.shell:Creating package script '/home/lntsold/PrintAM/install/my_package/share/my_package/package.bash'
[13.179s] INFO:colcon.colcon_core.shell:Creating package script '/home/lntsold/PrintAM/install/my_package/share/my_package/package.zsh'
[13.189s] Level 1:colcon.colcon_core.environment:create_file_with_runtime_dependencies(/home/lntsold/PrintAM/install/my_package/share/colcon-core/packages/my_package)
[13.200s] Level 1:colcon.colcon_core.environment:create_environment_scripts_only(my_package)
[13.201s] Level 1:colcon.colcon_core.environment:checking '/home/lntsold/PrintAM/install/my_package' for CMake module files
[13.207s] Level 1:colcon.colcon_core.environment:checking '/home/lntsold/PrintAM/install/my_package' for CMake config files
[13.211s] Level 1:colcon.colcon_core.shell:create_environment_hook('my_package', 'cmake_prefix_path')
[13.213s] INFO:colcon.colcon_core.shell:Creating environment hook '/home/lntsold/PrintAM/install/my_package/share/my_package/hook/cmake_prefix_path.ps1'
[13.216s] INFO:colcon.colcon_core.shell:Creating environment descriptor '/home/lntsold/PrintAM/install/my_package/share/my_package/hook/cmake_prefix_path.dsv'
[13.224s] INFO:colcon.colcon_core.shell:Creating environment hook '/home/lntsold/PrintAM/install/my_package/share/my_package/hook/cmake_prefix_path.sh'
[13.228s] Level 1:colcon.colcon_core.environment:checking '/home/lntsold/PrintAM/install/my_package/lib'
[13.229s] Level 1:colcon.colcon_core.environment:checking '/home/lntsold/PrintAM/install/my_package/bin'
[13.230s] Level 1:colcon.colcon_core.environment:checking '/home/lntsold/PrintAM/install/my_package/lib/pkgconfig/my_package.pc'
[13.232s] Level 1:colcon.colcon_core.environment:checking '/home/lntsold/PrintAM/install/my_package/lib/python3.12/site-packages'
[13.233s] Level 1:colcon.colcon_core.environment:checking '/home/lntsold/PrintAM/install/my_package/bin'
[13.237s] INFO:colcon.colcon_core.shell:Creating package script '/home/lntsold/PrintAM/install/my_package/share/my_package/package.ps1'
[13.243s] INFO:colcon.colcon_core.shell:Creating package descriptor '/home/lntsold/PrintAM/install/my_package/share/my_package/package.dsv'
[13.249s] INFO:colcon.colcon_core.shell:Creating package script '/home/lntsold/PrintAM/install/my_package/share/my_package/package.sh'
[13.252s] INFO:colcon.colcon_core.shell:Creating package script '/home/lntsold/PrintAM/install/my_package/share/my_package/package.bash'
[13.254s] INFO:colcon.colcon_core.shell:Creating package script '/home/lntsold/PrintAM/install/my_package/share/my_package/package.zsh'
[13.258s] Level 1:colcon.colcon_core.environment:create_file_with_runtime_dependencies(/home/lntsold/PrintAM/install/my_package/share/colcon-core/packages/my_package)
[13.260s] DEBUG:colcon.colcon_parallel_executor.executor.parallel:closing loop
[13.264s] DEBUG:colcon.colcon_parallel_executor.executor.parallel:loop closed
[13.265s] DEBUG:colcon.colcon_parallel_executor.executor.parallel:run_until_complete finished with '0'
[13.267s] DEBUG:colcon.colcon_core.event_reactor:joining thread
[13.359s] INFO:colcon.colcon_core.plugin_system:Skipping extension 'colcon_notification.desktop_notification.terminal_notifier': Not used on non-Darwin systems
[13.364s] INFO:colcon.colcon_core.plugin_system:Skipping extension 'colcon_notification.desktop_notification.win32': Not used on non-Windows systems
[13.368s] INFO:colcon.colcon_notification.desktop_notification:Sending desktop notification using 'notify2'
[13.519s] DEBUG:colcon.colcon_core.event_reactor:joined thread
[13.520s] INFO:colcon.colcon_core.shell:Creating prefix script '/home/lntsold/PrintAM/install/local_setup.ps1'
[13.526s] INFO:colcon.colcon_core.shell:Creating prefix util module '/home/lntsold/PrintAM/install/_local_setup_util_ps1.py'
[13.541s] INFO:colcon.colcon_core.shell:Creating prefix chain script '/home/lntsold/PrintAM/install/setup.ps1'
[13.554s] INFO:colcon.colcon_core.shell:Creating prefix script '/home/lntsold/PrintAM/install/local_setup.sh'
[13.562s] INFO:colcon.colcon_core.shell:Creating prefix util module '/home/lntsold/PrintAM/install/_local_setup_util_sh.py'
[13.571s] INFO:colcon.colcon_core.shell:Creating prefix chain script '/home/lntsold/PrintAM/install/setup.sh'
[13.577s] INFO:colcon.colcon_core.shell:Creating prefix script '/home/lntsold/PrintAM/install/local_setup.bash'
[13.580s] INFO:colcon.colcon_core.shell:Creating prefix chain script '/home/lntsold/PrintAM/install/setup.bash'
[13.587s] INFO:colcon.colcon_core.shell:Creating prefix script '/home/lntsold/PrintAM/install/local_setup.zsh'
[13.591s] INFO:colcon.colcon_core.shell:Creating prefix chain script '/home/lntsold/PrintAM/install/setup.zsh'
