[1.827s] DEBUG:colcon:Command line arguments: ['/usr/bin/colcon', 'list', '-p', '--base-paths', '/home/lntsold/PrintAM']
[1.828s] DEBUG:colcon:Parsed command line arguments: Namespace(log_base=None, log_level=None, verb_name='list', build_base='build', ignore_user_meta=False, metas=['./colcon.meta'], base_paths=['/home/lntsold/PrintAM'], packages_ignore=None, packages_ignore_regex=None, paths=None, packages_up_to=None, packages_up_to_regex=None, packages_above=None, packages_above_and_dependencies=None, packages_above_depth=None, packages_select_by_dep=None, packages_skip_by_dep=None, packages_skip_up_to=None, packages_select_build_failed=False, packages_skip_build_finished=False, packages_select_test_failures=False, packages_skip_test_passed=False, packages_select=None, packages_skip=None, packages_select_regex=None, packages_skip_regex=None, packages_start=None, packages_end=None, allow_overriding=[], topological_order=False, names_only=False, paths_only=True, topological_graph=False, topological_graph_dot=False, topological_graph_density=False, topological_graph_legend=False, topological_graph_dot_cluster=False, topological_graph_dot_include_skipped=False, verb_parser=<colcon_defaults.argument_parser.defaults.DefaultArgumentsDecorator object at 0xffffa35396a0>, verb_extension=<colcon_package_information.verb.list.ListVerb object at 0xffffa35387a0>, main=<bound method ListVerb.main of <colcon_package_information.verb.list.ListVerb object at 0xffffa35387a0>>)
[2.368s] Level 1:colcon.colcon_core.package_discovery:discover_packages(colcon_meta) check parameters
[2.381s] Level 1:colcon.colcon_core.package_discovery:discover_packages(recursive) check parameters
[2.391s] Level 1:colcon.colcon_core.package_discovery:discover_packages(ignore) check parameters
[2.391s] Level 1:colcon.colcon_core.package_discovery:discover_packages(path) check parameters
[2.392s] Level 1:colcon.colcon_core.package_discovery:discover_packages(recursive) discover
[2.409s] INFO:colcon.colcon_core.package_discovery:Crawling recursively for packages in '/home/lntsold/PrintAM'
[2.419s] Level 1:colcon.colcon_core.package_identification:_identify(/home/lntsold/PrintAM) by extensions ['ignore', 'ignore_ament_install']
[2.421s] Level 1:colcon.colcon_core.package_identification:_identify(/home/lntsold/PrintAM) by extension 'ignore'
[2.438s] Level 1:colcon.colcon_core.package_identification:_identify(/home/lntsold/PrintAM) by extension 'ignore_ament_install'
[2.440s] Level 1:colcon.colcon_core.package_identification:_identify(/home/lntsold/PrintAM) by extensions ['colcon_pkg']
[2.440s] Level 1:colcon.colcon_core.package_identification:_identify(/home/lntsold/PrintAM) by extension 'colcon_pkg'
[2.481s] Level 1:colcon.colcon_core.package_identification:_identify(/home/lntsold/PrintAM) by extensions ['colcon_meta']
[2.496s] Level 1:colcon.colcon_core.package_identification:_identify(/home/lntsold/PrintAM) by extension 'colcon_meta'
[2.498s] Level 1:colcon.colcon_core.package_identification:_identify(/home/lntsold/PrintAM) by extensions ['ros']
[2.498s] Level 1:colcon.colcon_core.package_identification:_identify(/home/lntsold/PrintAM) by extension 'ros'
[3.175s] Level 1:colcon.colcon_core.package_identification:_identify(/home/lntsold/PrintAM) by extensions ['cmake', 'python']
[3.180s] Level 1:colcon.colcon_core.package_identification:_identify(/home/lntsold/PrintAM) by extension 'cmake'
[3.181s] Level 1:colcon.colcon_core.package_identification:_identify(/home/lntsold/PrintAM) by extension 'python'
[3.182s] Level 1:colcon.colcon_core.package_identification:_identify(/home/lntsold/PrintAM) by extensions ['python_setup_py']
[3.182s] Level 1:colcon.colcon_core.package_identification:_identify(/home/lntsold/PrintAM) by extension 'python_setup_py'
[3.185s] Level 1:colcon.colcon_core.package_identification:_identify(/home/lntsold/PrintAM/build) by extensions ['ignore', 'ignore_ament_install']
[3.187s] Level 1:colcon.colcon_core.package_identification:_identify(/home/lntsold/PrintAM/build) by extension 'ignore'
[3.188s] Level 1:colcon.colcon_core.package_identification:_identify(/home/lntsold/PrintAM/build) ignored
[3.189s] Level 1:colcon.colcon_core.package_identification:_identify(/home/lntsold/PrintAM/include) by extensions ['ignore', 'ignore_ament_install']
[3.190s] Level 1:colcon.colcon_core.package_identification:_identify(/home/lntsold/PrintAM/include) by extension 'ignore'
[3.191s] Level 1:colcon.colcon_core.package_identification:_identify(/home/lntsold/PrintAM/include) by extension 'ignore_ament_install'
[3.192s] Level 1:colcon.colcon_core.package_identification:_identify(/home/lntsold/PrintAM/include) by extensions ['colcon_pkg']
[3.192s] Level 1:colcon.colcon_core.package_identification:_identify(/home/lntsold/PrintAM/include) by extension 'colcon_pkg'
[3.193s] Level 1:colcon.colcon_core.package_identification:_identify(/home/lntsold/PrintAM/include) by extensions ['colcon_meta']
[3.193s] Level 1:colcon.colcon_core.package_identification:_identify(/home/lntsold/PrintAM/include) by extension 'colcon_meta'
[3.194s] Level 1:colcon.colcon_core.package_identification:_identify(/home/lntsold/PrintAM/include) by extensions ['ros']
[3.195s] Level 1:colcon.colcon_core.package_identification:_identify(/home/lntsold/PrintAM/include) by extension 'ros'
[3.196s] Level 1:colcon.colcon_core.package_identification:_identify(/home/lntsold/PrintAM/include) by extensions ['cmake', 'python']
[3.196s] Level 1:colcon.colcon_core.package_identification:_identify(/home/lntsold/PrintAM/include) by extension 'cmake'
[3.197s] Level 1:colcon.colcon_core.package_identification:_identify(/home/lntsold/PrintAM/include) by extension 'python'
[3.198s] Level 1:colcon.colcon_core.package_identification:_identify(/home/lntsold/PrintAM/include) by extensions ['python_setup_py']
[3.199s] Level 1:colcon.colcon_core.package_identification:_identify(/home/lntsold/PrintAM/include) by extension 'python_setup_py'
[3.200s] Level 1:colcon.colcon_core.package_identification:_identify(/home/lntsold/PrintAM/include/control) by extensions ['ignore', 'ignore_ament_install']
[3.201s] Level 1:colcon.colcon_core.package_identification:_identify(/home/lntsold/PrintAM/include/control) by extension 'ignore'
[3.202s] Level 1:colcon.colcon_core.package_identification:_identify(/home/lntsold/PrintAM/include/control) by extension 'ignore_ament_install'
[3.203s] Level 1:colcon.colcon_core.package_identification:_identify(/home/lntsold/PrintAM/include/control) by extensions ['colcon_pkg']
[3.204s] Level 1:colcon.colcon_core.package_identification:_identify(/home/lntsold/PrintAM/include/control) by extension 'colcon_pkg'
[3.205s] Level 1:colcon.colcon_core.package_identification:_identify(/home/lntsold/PrintAM/include/control) by extensions ['colcon_meta']
[3.206s] Level 1:colcon.colcon_core.package_identification:_identify(/home/lntsold/PrintAM/include/control) by extension 'colcon_meta'
[3.211s] Level 1:colcon.colcon_core.package_identification:_identify(/home/lntsold/PrintAM/include/control) by extensions ['ros']
[3.212s] Level 1:colcon.colcon_core.package_identification:_identify(/home/lntsold/PrintAM/include/control) by extension 'ros'
[3.214s] Level 1:colcon.colcon_core.package_identification:_identify(/home/lntsold/PrintAM/include/control) by extensions ['cmake', 'python']
[3.216s] Level 1:colcon.colcon_core.package_identification:_identify(/home/lntsold/PrintAM/include/control) by extension 'cmake'
[3.217s] Level 1:colcon.colcon_core.package_identification:_identify(/home/lntsold/PrintAM/include/control) by extension 'python'
[3.219s] Level 1:colcon.colcon_core.package_identification:_identify(/home/lntsold/PrintAM/include/control) by extensions ['python_setup_py']
[3.221s] Level 1:colcon.colcon_core.package_identification:_identify(/home/lntsold/PrintAM/include/control) by extension 'python_setup_py'
[3.223s] Level 1:colcon.colcon_core.package_identification:_identify(/home/lntsold/PrintAM/include/interface) by extensions ['ignore', 'ignore_ament_install']
[3.224s] Level 1:colcon.colcon_core.package_identification:_identify(/home/lntsold/PrintAM/include/interface) by extension 'ignore'
[3.226s] Level 1:colcon.colcon_core.package_identification:_identify(/home/lntsold/PrintAM/include/interface) by extension 'ignore_ament_install'
[3.230s] Level 1:colcon.colcon_core.package_identification:_identify(/home/lntsold/PrintAM/include/interface) by extensions ['colcon_pkg']
[3.232s] Level 1:colcon.colcon_core.package_identification:_identify(/home/lntsold/PrintAM/include/interface) by extension 'colcon_pkg'
[3.234s] Level 1:colcon.colcon_core.package_identification:_identify(/home/lntsold/PrintAM/include/interface) by extensions ['colcon_meta']
[3.234s] Level 1:colcon.colcon_core.package_identification:_identify(/home/lntsold/PrintAM/include/interface) by extension 'colcon_meta'
[3.235s] Level 1:colcon.colcon_core.package_identification:_identify(/home/lntsold/PrintAM/include/interface) by extensions ['ros']
[3.235s] Level 1:colcon.colcon_core.package_identification:_identify(/home/lntsold/PrintAM/include/interface) by extension 'ros'
[3.236s] Level 1:colcon.colcon_core.package_identification:_identify(/home/lntsold/PrintAM/include/interface) by extensions ['cmake', 'python']
[3.238s] Level 1:colcon.colcon_core.package_identification:_identify(/home/lntsold/PrintAM/include/interface) by extension 'cmake'
[3.239s] Level 1:colcon.colcon_core.package_identification:_identify(/home/lntsold/PrintAM/include/interface) by extension 'python'
[3.240s] Level 1:colcon.colcon_core.package_identification:_identify(/home/lntsold/PrintAM/include/interface) by extensions ['python_setup_py']
[3.241s] Level 1:colcon.colcon_core.package_identification:_identify(/home/lntsold/PrintAM/include/interface) by extension 'python_setup_py'
[3.242s] Level 1:colcon.colcon_core.package_identification:_identify(/home/lntsold/PrintAM/install) by extensions ['ignore', 'ignore_ament_install']
[3.243s] Level 1:colcon.colcon_core.package_identification:_identify(/home/lntsold/PrintAM/install) by extension 'ignore'
[3.243s] Level 1:colcon.colcon_core.package_identification:_identify(/home/lntsold/PrintAM/install) ignored
[3.246s] Level 1:colcon.colcon_core.package_identification:_identify(/home/lntsold/PrintAM/log) by extensions ['ignore', 'ignore_ament_install']
[3.248s] Level 1:colcon.colcon_core.package_identification:_identify(/home/lntsold/PrintAM/log) by extension 'ignore'
[3.249s] Level 1:colcon.colcon_core.package_identification:_identify(/home/lntsold/PrintAM/log) ignored
[3.250s] Level 1:colcon.colcon_core.package_identification:_identify(/home/lntsold/PrintAM/output) by extensions ['ignore', 'ignore_ament_install']
[3.254s] Level 1:colcon.colcon_core.package_identification:_identify(/home/lntsold/PrintAM/output) by extension 'ignore'
[3.255s] Level 1:colcon.colcon_core.package_identification:_identify(/home/lntsold/PrintAM/output) by extension 'ignore_ament_install'
[3.258s] Level 1:colcon.colcon_core.package_identification:_identify(/home/lntsold/PrintAM/output) by extensions ['colcon_pkg']
[3.259s] Level 1:colcon.colcon_core.package_identification:_identify(/home/lntsold/PrintAM/output) by extension 'colcon_pkg'
[3.261s] Level 1:colcon.colcon_core.package_identification:_identify(/home/lntsold/PrintAM/output) by extensions ['colcon_meta']
[3.262s] Level 1:colcon.colcon_core.package_identification:_identify(/home/lntsold/PrintAM/output) by extension 'colcon_meta'
[3.262s] Level 1:colcon.colcon_core.package_identification:_identify(/home/lntsold/PrintAM/output) by extensions ['ros']
[3.263s] Level 1:colcon.colcon_core.package_identification:_identify(/home/lntsold/PrintAM/output) by extension 'ros'
[3.269s] Level 1:colcon.colcon_core.package_identification:_identify(/home/lntsold/PrintAM/output) by extensions ['cmake', 'python']
[3.270s] Level 1:colcon.colcon_core.package_identification:_identify(/home/lntsold/PrintAM/output) by extension 'cmake'
[3.271s] Level 1:colcon.colcon_core.package_identification:_identify(/home/lntsold/PrintAM/output) by extension 'python'
[3.273s] Level 1:colcon.colcon_core.package_identification:_identify(/home/lntsold/PrintAM/output) by extensions ['python_setup_py']
[3.273s] Level 1:colcon.colcon_core.package_identification:_identify(/home/lntsold/PrintAM/output) by extension 'python_setup_py'
[3.276s] Level 1:colcon.colcon_core.package_identification:_identify(/home/lntsold/PrintAM/src) by extensions ['ignore', 'ignore_ament_install']
[3.277s] Level 1:colcon.colcon_core.package_identification:_identify(/home/lntsold/PrintAM/src) by extension 'ignore'
[3.288s] Level 1:colcon.colcon_core.package_identification:_identify(/home/lntsold/PrintAM/src) by extension 'ignore_ament_install'
[3.293s] Level 1:colcon.colcon_core.package_identification:_identify(/home/lntsold/PrintAM/src) by extensions ['colcon_pkg']
[3.294s] Level 1:colcon.colcon_core.package_identification:_identify(/home/lntsold/PrintAM/src) by extension 'colcon_pkg'
[3.294s] Level 1:colcon.colcon_core.package_identification:_identify(/home/lntsold/PrintAM/src) by extensions ['colcon_meta']
[3.295s] Level 1:colcon.colcon_core.package_identification:_identify(/home/lntsold/PrintAM/src) by extension 'colcon_meta'
[3.295s] Level 1:colcon.colcon_core.package_identification:_identify(/home/lntsold/PrintAM/src) by extensions ['ros']
[3.296s] Level 1:colcon.colcon_core.package_identification:_identify(/home/lntsold/PrintAM/src) by extension 'ros'
[3.299s] Level 1:colcon.colcon_core.package_identification:_identify(/home/lntsold/PrintAM/src) by extensions ['cmake', 'python']
[3.299s] Level 1:colcon.colcon_core.package_identification:_identify(/home/lntsold/PrintAM/src) by extension 'cmake'
[3.301s] Level 1:colcon.colcon_core.package_identification:_identify(/home/lntsold/PrintAM/src) by extension 'python'
[3.303s] Level 1:colcon.colcon_core.package_identification:_identify(/home/lntsold/PrintAM/src) by extensions ['python_setup_py']
[3.304s] Level 1:colcon.colcon_core.package_identification:_identify(/home/lntsold/PrintAM/src) by extension 'python_setup_py'
[3.307s] Level 1:colcon.colcon_core.package_identification:_identify(/home/lntsold/PrintAM/src/my_package) by extensions ['ignore', 'ignore_ament_install']
[3.308s] Level 1:colcon.colcon_core.package_identification:_identify(/home/lntsold/PrintAM/src/my_package) by extension 'ignore'
[3.308s] Level 1:colcon.colcon_core.package_identification:_identify(/home/lntsold/PrintAM/src/my_package) by extension 'ignore_ament_install'
[3.309s] Level 1:colcon.colcon_core.package_identification:_identify(/home/lntsold/PrintAM/src/my_package) by extensions ['colcon_pkg']
[3.309s] Level 1:colcon.colcon_core.package_identification:_identify(/home/lntsold/PrintAM/src/my_package) by extension 'colcon_pkg'
[3.310s] Level 1:colcon.colcon_core.package_identification:_identify(/home/lntsold/PrintAM/src/my_package) by extensions ['colcon_meta']
[3.310s] Level 1:colcon.colcon_core.package_identification:_identify(/home/lntsold/PrintAM/src/my_package) by extension 'colcon_meta'
[3.311s] Level 1:colcon.colcon_core.package_identification:_identify(/home/lntsold/PrintAM/src/my_package) by extensions ['ros']
[3.311s] Level 1:colcon.colcon_core.package_identification:_identify(/home/lntsold/PrintAM/src/my_package) by extension 'ros'
[3.332s] DEBUG:colcon.colcon_core.package_identification:Package '/home/lntsold/PrintAM/src/my_package' with type 'ros.ament_cmake' and name 'my_package'
[3.333s] Level 1:colcon.colcon_core.package_identification:_identify(/home/lntsold/PrintAM/src/output) by extensions ['ignore', 'ignore_ament_install']
[3.334s] Level 1:colcon.colcon_core.package_identification:_identify(/home/lntsold/PrintAM/src/output) by extension 'ignore'
[3.335s] Level 1:colcon.colcon_core.package_identification:_identify(/home/lntsold/PrintAM/src/output) by extension 'ignore_ament_install'
[3.336s] Level 1:colcon.colcon_core.package_identification:_identify(/home/lntsold/PrintAM/src/output) by extensions ['colcon_pkg']
[3.336s] Level 1:colcon.colcon_core.package_identification:_identify(/home/lntsold/PrintAM/src/output) by extension 'colcon_pkg'
[3.336s] Level 1:colcon.colcon_core.package_identification:_identify(/home/lntsold/PrintAM/src/output) by extensions ['colcon_meta']
[3.337s] Level 1:colcon.colcon_core.package_identification:_identify(/home/lntsold/PrintAM/src/output) by extension 'colcon_meta'
[3.337s] Level 1:colcon.colcon_core.package_identification:_identify(/home/lntsold/PrintAM/src/output) by extensions ['ros']
[3.338s] Level 1:colcon.colcon_core.package_identification:_identify(/home/lntsold/PrintAM/src/output) by extension 'ros'
[3.339s] Level 1:colcon.colcon_core.package_identification:_identify(/home/lntsold/PrintAM/src/output) by extensions ['cmake', 'python']
[3.339s] Level 1:colcon.colcon_core.package_identification:_identify(/home/lntsold/PrintAM/src/output) by extension 'cmake'
[3.340s] Level 1:colcon.colcon_core.package_identification:_identify(/home/lntsold/PrintAM/src/output) by extension 'python'
[3.341s] Level 1:colcon.colcon_core.package_identification:_identify(/home/lntsold/PrintAM/src/output) by extensions ['python_setup_py']
[3.342s] Level 1:colcon.colcon_core.package_identification:_identify(/home/lntsold/PrintAM/src/output) by extension 'python_setup_py'
[3.343s] Level 1:colcon.colcon_core.package_discovery:discover_packages(recursive) using defaults
